kev-0.8b: ready after 103.4s
kev-0.8b: compat probe done
kev-0.8b: 0 requests
kev-0.8b: 100 requests
kev-0.8b: 200 requests
kev-0.8b: 300 requests
kev-0.8b: 400 requests
kev-0.8b: 500 requests
kev-0.8b: 600 requests
kev-0.8b: 700 requests
{
 "load_time_s": 103.4,
 "sequential": {
  "requests": 735,
  "wall_s": 11.82
 },
 "throughput": null,
 "memory": {
  "peak_rss_bytes_sampled": 5982552064,
  "peak_gpu_memory_bytes_sampled": 6127878144,
  "phys_footprint_bytes": 6251106304,
  "lifetime_max_phys_footprint_bytes": 6559453184,
  "footprint_source": "linux: lifetime_max_phys_footprint_bytes and phys_footprint_bytes are the sums of VmHWM and VmRSS (/proc/<pid>/status) over the server process tree; GPU memory is peak_gpu_memory_bytes_sampled (nvidia-smi per-process used memory, summed over the tree)"
 }
}
