laya-english: ready after 5.4s
laya-english: compat probe done
laya-english: 0 requests
laya-english: 100 requests
laya-english: 200 requests
laya-english: 300 requests
laya-english: 400 requests
laya-english: 500 requests
laya-english: 600 requests
laya-english: 700 requests
{
 "load_time_s": 5.43,
 "sequential": {
  "requests": 735,
  "wall_s": 19.95
 },
 "throughput": null,
 "memory": {
  "peak_rss_bytes_sampled": 1751678976,
  "peak_gpu_memory_bytes_sampled": 2961178624,
  "phys_footprint_bytes": 1729478656,
  "lifetime_max_phys_footprint_bytes": 3374231552,
  "footprint_source": "linux: lifetime_max_phys_footprint_bytes and phys_footprint_bytes are the sums of VmHWM and VmRSS (/proc/<pid>/status) over the server process tree; GPU memory is peak_gpu_memory_bytes_sampled (nvidia-smi per-process used memory, summed over the tree)"
 }
}
