kev-4b-ft-s18: ready after 107.8s
kev-4b-ft-s18: compat probe done
kev-4b-ft-s18: 0 requests
kev-4b-ft-s18: 100 requests
kev-4b-ft-s18: 200 requests
kev-4b-ft-s18: 300 requests
kev-4b-ft-s18: 400 requests
kev-4b-ft-s18: 500 requests
kev-4b-ft-s18: 600 requests
kev-4b-ft-s18: 700 requests
{
 "load_time_s": 107.84,
 "sequential": {
  "requests": 735,
  "wall_s": 34.88
 },
 "throughput": null,
 "memory": {
  "peak_rss_bytes_sampled": 6232305664,
  "peak_gpu_memory_bytes_sampled": 23452450816,
  "phys_footprint_bytes": 6232305664,
  "lifetime_max_phys_footprint_bytes": 13464924160,
  "footprint_source": "linux: lifetime_max_phys_footprint_bytes and phys_footprint_bytes are the sums of VmHWM and VmRSS (/proc/<pid>/status) over the server process tree; GPU memory is peak_gpu_memory_bytes_sampled (nvidia-smi per-process used memory, summed over the tree)"
 }
}
