kev-0.8b-ft-s19: ready after 103.6s
kev-0.8b-ft-s19: compat probe done
kev-0.8b-ft-s19: 0 requests
kev-0.8b-ft-s19: 100 requests
kev-0.8b-ft-s19: 200 requests
kev-0.8b-ft-s19: 300 requests
kev-0.8b-ft-s19: 400 requests
kev-0.8b-ft-s19: 500 requests
kev-0.8b-ft-s19: 600 requests
kev-0.8b-ft-s19: 700 requests
kev-0.8b-ft-s19: 800 requests
kev-0.8b-ft-s19: 900 requests
kev-0.8b-ft-s19: 1000 requests
kev-0.8b-ft-s19: 1100 requests
kev-0.8b-ft-s19: 1200 requests
kev-0.8b-ft-s19: 1300 requests
kev-0.8b-ft-s19: 1400 requests
kev-0.8b-ft-s19: 1500 requests
kev-0.8b-ft-s19: 1600 requests
kev-0.8b-ft-s19: 1700 requests
kev-0.8b-ft-s19: 1800 requests
kev-0.8b-ft-s19: 1900 requests
kev-0.8b-ft-s19: 2000 requests
kev-0.8b-ft-s19: 2100 requests
kev-0.8b-ft-s19: 2200 requests
kev-0.8b-ft-s19: 2300 requests
kev-0.8b-ft-s19: 2400 requests
kev-0.8b-ft-s19: 2500 requests
kev-0.8b-ft-s19: 2600 requests
kev-0.8b-ft-s19: 2700 requests
kev-0.8b-ft-s19: 2800 requests
kev-0.8b-ft-s19: 2900 requests
kev-0.8b-ft-s19: 3000 requests
kev-0.8b-ft-s19: 3100 requests
kev-0.8b-ft-s19: 3200 requests
kev-0.8b-ft-s19: 3300 requests
kev-0.8b-ft-s19: 3400 requests
kev-0.8b-ft-s19: 3500 requests
kev-0.8b-ft-s19: 3600 requests
kev-0.8b-ft-s19: 3700 requests
kev-0.8b-ft-s19: 3800 requests
kev-0.8b-ft-s19: 3900 requests
kev-0.8b-ft-s19: 4000 requests
kev-0.8b-ft-s19: 4100 requests
kev-0.8b-ft-s19: 4200 requests
kev-0.8b-ft-s19: 4300 requests
kev-0.8b-ft-s19: 4400 requests
kev-0.8b-ft-s19: 4500 requests
kev-0.8b-ft-s19: 4600 requests
kev-0.8b-ft-s19: 4700 requests
kev-0.8b-ft-s19: 4800 requests
kev-0.8b-ft-s19: 4900 requests
kev-0.8b-ft-s19: 5000 requests
kev-0.8b-ft-s19: 5100 requests
kev-0.8b-ft-s19: 5200 requests
kev-0.8b-ft-s19: 5300 requests
kev-0.8b-ft-s19: 5400 requests
kev-0.8b-ft-s19: 5500 requests
kev-0.8b-ft-s19: 5600 requests
kev-0.8b-ft-s19: 5700 requests
kev-0.8b-ft-s19: 5800 requests
kev-0.8b-ft-s19: 5900 requests
kev-0.8b-ft-s19: 6000 requests
kev-0.8b-ft-s19: 6100 requests
kev-0.8b-ft-s19: 6200 requests
kev-0.8b-ft-s19: 6300 requests
kev-0.8b-ft-s19: 6400 requests
kev-0.8b-ft-s19: 6500 requests
kev-0.8b-ft-s19: 6600 requests
kev-0.8b-ft-s19: 6700 requests
kev-0.8b-ft-s19: 6800 requests
{
 "load_time_s": 103.61,
 "sequential": {
  "requests": 6842,
  "wall_s": 170.12
 },
 "throughput": null,
 "memory": {
  "peak_rss_bytes_sampled": 15335038976,
  "peak_gpu_memory_bytes_sampled": 6127878144,
  "phys_footprint_bytes": 15848198144,
  "lifetime_max_phys_footprint_bytes": 15849365504,
  "footprint_source": "linux: lifetime_max_phys_footprint_bytes and phys_footprint_bytes are the sums of VmHWM and VmRSS (/proc/<pid>/status) over the server process tree; GPU memory is peak_gpu_memory_bytes_sampled (nvidia-smi per-process used memory, summed over the tree)"
 }
}
