laya-typed-decisions: ready after 5.7s
laya-typed-decisions: compat probe done
laya-typed-decisions: 0 requests
laya-typed-decisions: 100 requests
laya-typed-decisions: 200 requests
laya-typed-decisions: 300 requests
laya-typed-decisions: 400 requests
laya-typed-decisions: 500 requests
laya-typed-decisions: 600 requests
laya-typed-decisions: 700 requests
laya-typed-decisions: 800 requests
laya-typed-decisions: 900 requests
laya-typed-decisions: 1000 requests
laya-typed-decisions: 1100 requests
laya-typed-decisions: 1200 requests
laya-typed-decisions: 1300 requests
laya-typed-decisions: 1400 requests
laya-typed-decisions: 1500 requests
laya-typed-decisions: 1600 requests
laya-typed-decisions: 1700 requests
laya-typed-decisions: 1800 requests
laya-typed-decisions: 1900 requests
laya-typed-decisions: 2000 requests
laya-typed-decisions: 2100 requests
laya-typed-decisions: 2200 requests
laya-typed-decisions: 2300 requests
laya-typed-decisions: 2400 requests
laya-typed-decisions: 2500 requests
laya-typed-decisions: 2600 requests
laya-typed-decisions: 2700 requests
laya-typed-decisions: 2800 requests
laya-typed-decisions: 2900 requests
laya-typed-decisions: 3000 requests
laya-typed-decisions: 3100 requests
laya-typed-decisions: 3200 requests
laya-typed-decisions: 3300 requests
laya-typed-decisions: 3400 requests
laya-typed-decisions: 3500 requests
laya-typed-decisions: 3600 requests
laya-typed-decisions: 3700 requests
laya-typed-decisions: 3800 requests
laya-typed-decisions: 3900 requests
laya-typed-decisions: 4000 requests
laya-typed-decisions: 4100 requests
laya-typed-decisions: 4200 requests
laya-typed-decisions: 4300 requests
laya-typed-decisions: 4400 requests
laya-typed-decisions: 4500 requests
laya-typed-decisions: 4600 requests
laya-typed-decisions: 4700 requests
laya-typed-decisions: 4800 requests
laya-typed-decisions: 4900 requests
laya-typed-decisions: 5000 requests
laya-typed-decisions: 5100 requests
laya-typed-decisions: 5200 requests
laya-typed-decisions: 5300 requests
laya-typed-decisions: 5400 requests
laya-typed-decisions: 5500 requests
laya-typed-decisions: 5600 requests
laya-typed-decisions: 5700 requests
laya-typed-decisions: 5800 requests
laya-typed-decisions: 5900 requests
laya-typed-decisions: 6000 requests
laya-typed-decisions: 6100 requests
laya-typed-decisions: 6200 requests
laya-typed-decisions: 6300 requests
laya-typed-decisions: 6400 requests
laya-typed-decisions: 6500 requests
laya-typed-decisions: 6600 requests
laya-typed-decisions: 6700 requests
laya-typed-decisions: 6800 requests
{
 "load_time_s": 5.74,
 "sequential": {
  "requests": 6842,
  "wall_s": 203.35
 },
 "throughput": null,
 "memory": {
  "peak_rss_bytes_sampled": 1747558400,
  "peak_gpu_memory_bytes_sampled": 3084910592,
  "phys_footprint_bytes": 1747558400,
  "lifetime_max_phys_footprint_bytes": 3371884544,
  "footprint_source": "linux: lifetime_max_phys_footprint_bytes and phys_footprint_bytes are the sums of VmHWM and VmRSS (/proc/<pid>/status) over the server process tree; GPU memory is peak_gpu_memory_bytes_sampled (nvidia-smi per-process used memory, summed over the tree)"
 }
}
