kev-0.8b-ft-s18: ready after 104.3s
kev-0.8b-ft-s18: compat probe done
kev-0.8b-ft-s18: 0 requests
kev-0.8b-ft-s18: 100 requests
kev-0.8b-ft-s18: 200 requests
kev-0.8b-ft-s18: 300 requests
kev-0.8b-ft-s18: 400 requests
kev-0.8b-ft-s18: 500 requests
kev-0.8b-ft-s18: 600 requests
kev-0.8b-ft-s18: 700 requests
{
 "load_time_s": 104.31,
 "sequential": {
  "requests": 735,
  "wall_s": 11.74
 },
 "throughput": null,
 "memory": {
  "peak_rss_bytes_sampled": 15482396672,
  "peak_gpu_memory_bytes_sampled": 11880366080,
  "phys_footprint_bytes": 15482396672,
  "lifetime_max_phys_footprint_bytes": 15794249728,
  "footprint_source": "linux: lifetime_max_phys_footprint_bytes and phys_footprint_bytes are the sums of VmHWM and VmRSS (/proc/<pid>/status) over the server process tree; GPU memory is peak_gpu_memory_bytes_sampled (nvidia-smi per-process used memory, summed over the tree)"
 }
}
