kev-0.8b-ft-s17: ready after 103.4s
kev-0.8b-ft-s17: compat probe done
kev-0.8b-ft-s17: 0 requests
kev-0.8b-ft-s17: 100 requests
kev-0.8b-ft-s17: 200 requests
kev-0.8b-ft-s17: 300 requests
kev-0.8b-ft-s17: 400 requests
kev-0.8b-ft-s17: 500 requests
kev-0.8b-ft-s17: 600 requests
kev-0.8b-ft-s17: 700 requests
{
 "load_time_s": 103.42,
 "sequential": {
  "requests": 735,
  "wall_s": 11.64
 },
 "throughput": null,
 "memory": {
  "peak_rss_bytes_sampled": 15457386496,
  "peak_gpu_memory_bytes_sampled": 11878268928,
  "phys_footprint_bytes": 15462518784,
  "lifetime_max_phys_footprint_bytes": 15782371328,
  "footprint_source": "linux: lifetime_max_phys_footprint_bytes and phys_footprint_bytes are the sums of VmHWM and VmRSS (/proc/<pid>/status) over the server process tree; GPU memory is peak_gpu_memory_bytes_sampled (nvidia-smi per-process used memory, summed over the tree)"
 }
}
