kev-4b: ready after 103.8s
kev-4b: compat probe done
kev-4b: 0 requests
kev-4b: 100 requests
kev-4b: 200 requests
kev-4b: 300 requests
kev-4b: 400 requests
kev-4b: 500 requests
kev-4b: 600 requests
kev-4b: 700 requests
{
 "load_time_s": 103.78,
 "sequential": {
  "requests": 735,
  "wall_s": 34.72
 },
 "throughput": null,
 "memory": {
  "peak_rss_bytes_sampled": 9046032384,
  "peak_gpu_memory_bytes_sampled": 20560478208,
  "phys_footprint_bytes": 9322332160,
  "lifetime_max_phys_footprint_bytes": 16550805504,
  "footprint_source": "linux: lifetime_max_phys_footprint_bytes and phys_footprint_bytes are the sums of VmHWM and VmRSS (/proc/<pid>/status) over the server process tree; GPU memory is peak_gpu_memory_bytes_sampled (nvidia-smi per-process used memory, summed over the tree)"
 }
}
