laya-typed-decisions-ft-s17: ready after 5.7s
laya-typed-decisions-ft-s17: compat probe done
laya-typed-decisions-ft-s17: 0 requests
laya-typed-decisions-ft-s17: 100 requests
laya-typed-decisions-ft-s17: 200 requests
laya-typed-decisions-ft-s17: 300 requests
laya-typed-decisions-ft-s17: 400 requests
laya-typed-decisions-ft-s17: 500 requests
laya-typed-decisions-ft-s17: 600 requests
laya-typed-decisions-ft-s17: 700 requests
{
 "load_time_s": 5.74,
 "sequential": {
  "requests": 735,
  "wall_s": 17.36
 },
 "throughput": null,
 "memory": {
  "peak_rss_bytes_sampled": 1724239872,
  "peak_gpu_memory_bytes_sampled": 2881486848,
  "phys_footprint_bytes": 1724239872,
  "lifetime_max_phys_footprint_bytes": 3370897408,
  "footprint_source": "linux: lifetime_max_phys_footprint_bytes and phys_footprint_bytes are the sums of VmHWM and VmRSS (/proc/<pid>/status) over the server process tree; GPU memory is peak_gpu_memory_bytes_sampled (nvidia-smi per-process used memory, summed over the tree)"
 }
}
