kev-0.8b-ft-s18: ready after 103.5s
kev-0.8b-ft-s18: compat probe done
kev-0.8b-ft-s18: 0 requests
kev-0.8b-ft-s18: 100 requests
kev-0.8b-ft-s18: 200 requests
kev-0.8b-ft-s18: 300 requests
kev-0.8b-ft-s18: 400 requests
kev-0.8b-ft-s18: 500 requests
kev-0.8b-ft-s18: 600 requests
kev-0.8b-ft-s18: 700 requests
kev-0.8b-ft-s18: 800 requests
kev-0.8b-ft-s18: 900 requests
kev-0.8b-ft-s18: 1000 requests
kev-0.8b-ft-s18: 1100 requests
kev-0.8b-ft-s18: 1200 requests
kev-0.8b-ft-s18: 1300 requests
kev-0.8b-ft-s18: 1400 requests
kev-0.8b-ft-s18: 1500 requests
kev-0.8b-ft-s18: 1600 requests
kev-0.8b-ft-s18: 1700 requests
kev-0.8b-ft-s18: 1800 requests
kev-0.8b-ft-s18: 1900 requests
kev-0.8b-ft-s18: 2000 requests
kev-0.8b-ft-s18: 2100 requests
kev-0.8b-ft-s18: 2200 requests
kev-0.8b-ft-s18: 2300 requests
kev-0.8b-ft-s18: 2400 requests
kev-0.8b-ft-s18: 2500 requests
kev-0.8b-ft-s18: 2600 requests
kev-0.8b-ft-s18: 2700 requests
kev-0.8b-ft-s18: 2800 requests
kev-0.8b-ft-s18: 2900 requests
kev-0.8b-ft-s18: 3000 requests
kev-0.8b-ft-s18: 3100 requests
kev-0.8b-ft-s18: 3200 requests
kev-0.8b-ft-s18: 3300 requests
kev-0.8b-ft-s18: 3400 requests
kev-0.8b-ft-s18: 3500 requests
kev-0.8b-ft-s18: 3600 requests
kev-0.8b-ft-s18: 3700 requests
kev-0.8b-ft-s18: 3800 requests
kev-0.8b-ft-s18: 3900 requests
kev-0.8b-ft-s18: 4000 requests
kev-0.8b-ft-s18: 4100 requests
kev-0.8b-ft-s18: 4200 requests
kev-0.8b-ft-s18: 4300 requests
kev-0.8b-ft-s18: 4400 requests
kev-0.8b-ft-s18: 4500 requests
kev-0.8b-ft-s18: 4600 requests
kev-0.8b-ft-s18: 4700 requests
kev-0.8b-ft-s18: 4800 requests
kev-0.8b-ft-s18: 4900 requests
kev-0.8b-ft-s18: 5000 requests
kev-0.8b-ft-s18: 5100 requests
kev-0.8b-ft-s18: 5200 requests
kev-0.8b-ft-s18: 5300 requests
kev-0.8b-ft-s18: 5400 requests
kev-0.8b-ft-s18: 5500 requests
kev-0.8b-ft-s18: 5600 requests
kev-0.8b-ft-s18: 5700 requests
kev-0.8b-ft-s18: 5800 requests
kev-0.8b-ft-s18: 5900 requests
kev-0.8b-ft-s18: 6000 requests
kev-0.8b-ft-s18: 6100 requests
kev-0.8b-ft-s18: 6200 requests
kev-0.8b-ft-s18: 6300 requests
kev-0.8b-ft-s18: 6400 requests
kev-0.8b-ft-s18: 6500 requests
kev-0.8b-ft-s18: 6600 requests
kev-0.8b-ft-s18: 6700 requests
kev-0.8b-ft-s18: 6800 requests
{
 "load_time_s": 103.46,
 "sequential": {
  "requests": 6842,
  "wall_s": 170.63
 },
 "throughput": null,
 "memory": {
  "peak_rss_bytes_sampled": 9127116800,
  "peak_gpu_memory_bytes_sampled": 6127878144,
  "phys_footprint_bytes": 9702322176,
  "lifetime_max_phys_footprint_bytes": 9703489536,
  "footprint_source": "linux: lifetime_max_phys_footprint_bytes and phys_footprint_bytes are the sums of VmHWM and VmRSS (/proc/<pid>/status) over the server process tree; GPU memory is peak_gpu_memory_bytes_sampled (nvidia-smi per-process used memory, summed over the tree)"
 }
}
