laya-typed-decisions: ready after 5.6s
laya-typed-decisions: compat probe done
laya-typed-decisions: 0 requests
laya-typed-decisions: 100 requests
laya-typed-decisions: 200 requests
laya-typed-decisions: 300 requests
laya-typed-decisions: 400 requests
laya-typed-decisions: 500 requests
laya-typed-decisions: 600 requests
laya-typed-decisions: 700 requests
{
 "load_time_s": 5.63,
 "sequential": {
  "requests": 735,
  "wall_s": 19.15
 },
 "throughput": null,
 "memory": {
  "peak_rss_bytes_sampled": 1735888896,
  "peak_gpu_memory_bytes_sampled": 2961178624,
  "phys_footprint_bytes": 1735888896,
  "lifetime_max_phys_footprint_bytes": 3372482560,
  "footprint_source": "linux: lifetime_max_phys_footprint_bytes and phys_footprint_bytes are the sums of VmHWM and VmRSS (/proc/<pid>/status) over the server process tree; GPU memory is peak_gpu_memory_bytes_sampled (nvidia-smi per-process used memory, summed over the tree)"
 }
}
