kev-4b-ft-s19: ready after 107.7s
kev-4b-ft-s19: compat probe done
kev-4b-ft-s19: 0 requests
kev-4b-ft-s19: 100 requests
kev-4b-ft-s19: 200 requests
kev-4b-ft-s19: 300 requests
kev-4b-ft-s19: 400 requests
kev-4b-ft-s19: 500 requests
kev-4b-ft-s19: 600 requests
kev-4b-ft-s19: 700 requests
{
 "load_time_s": 107.66,
 "sequential": {
  "requests": 735,
  "wall_s": 34.75
 },
 "throughput": null,
 "memory": {
  "peak_rss_bytes_sampled": 6066188288,
  "peak_gpu_memory_bytes_sampled": 20560478208,
  "phys_footprint_bytes": 6232498176,
  "lifetime_max_phys_footprint_bytes": 13462634496,
  "footprint_source": "linux: lifetime_max_phys_footprint_bytes and phys_footprint_bytes are the sums of VmHWM and VmRSS (/proc/<pid>/status) over the server process tree; GPU memory is peak_gpu_memory_bytes_sampled (nvidia-smi per-process used memory, summed over the tree)"
 }
}
