kev-9b-ft-s19: ready after 91.3s
kev-9b-ft-s19: compat probe done
kev-9b-ft-s19: 0 requests
kev-9b-ft-s19: 100 requests
kev-9b-ft-s19: 200 requests
kev-9b-ft-s19: 300 requests
kev-9b-ft-s19: 400 requests
kev-9b-ft-s19: 500 requests
kev-9b-ft-s19: 600 requests
kev-9b-ft-s19: 700 requests
{
 "load_time_s": 91.33,
 "sequential": {
  "requests": 735,
  "wall_s": 40.05
 },
 "throughput": null,
 "memory": {
  "peak_rss_bytes_sampled": 15263875072,
  "peak_gpu_memory_bytes_sampled": 30589059072,
  "phys_footprint_bytes": 15547719680,
  "lifetime_max_phys_footprint_bytes": 26568671232,
  "footprint_source": "linux: lifetime_max_phys_footprint_bytes and phys_footprint_bytes are the sums of VmHWM and VmRSS (/proc/<pid>/status) over the server process tree; GPU memory is peak_gpu_memory_bytes_sampled (nvidia-smi per-process used memory, summed over the tree)"
 }
}
