clef: ready after 18.0s
clef: compat probe done
clef: 0 requests
clef: 100 requests
clef: 200 requests
clef: 300 requests
clef: 400 requests
clef: 500 requests
clef: 600 requests
clef: 700 requests
clef: 800 requests
clef: 900 requests
clef: 1000 requests
clef: 1100 requests
clef: 1200 requests
clef: 1300 requests
clef: 1400 requests
clef: 1500 requests
clef: 1600 requests
clef: 1700 requests
clef: 1800 requests
clef: 1900 requests
clef: 2000 requests
clef: 2100 requests
clef: 2200 requests
clef: 2300 requests
clef: 2400 requests
clef: 2500 requests
clef: 2600 requests
clef: 2700 requests
clef: 2800 requests
clef: 2900 requests
clef: 3000 requests
clef: 3100 requests
clef: 3200 requests
clef: 3300 requests
clef: 3400 requests
clef: 3500 requests
clef: 3600 requests
clef: 3700 requests
clef: 3800 requests
clef: 3900 requests
clef: 4000 requests
clef: 4100 requests
clef: 4200 requests
clef: 4300 requests
clef: 4400 requests
clef: 4500 requests
clef: 4600 requests
clef: 4700 requests
clef: 4800 requests
clef: 4900 requests
clef: 5000 requests
clef: 5100 requests
clef: 5200 requests
clef: 5300 requests
clef: 5400 requests
clef: 5500 requests
clef: 5600 requests
clef: 5700 requests
clef: 5800 requests
clef: 5900 requests
clef: 6000 requests
clef: 6100 requests
clef: 6200 requests
clef: 6300 requests
clef: 6400 requests
clef: 6500 requests
clef: 6600 requests
clef: 6700 requests
clef: 6800 requests
clef: 6900 requests
clef: 7000 requests
clef: 7100 requests
clef: 7200 requests
clef: 7300 requests
clef: 7400 requests
clef: 7500 requests
clef: 7600 requests
{
 "load_time_s": 18.03,
 "sequential": {
  "requests": 7613,
  "wall_s": 1600.2
 },
 "throughput": null,
 "memory": {
  "peak_rss_bytes_sampled": 15407095808,
  "peak_gpu_memory_bytes_sampled": 57711525888,
  "phys_footprint_bytes": 15811743744,
  "lifetime_max_phys_footprint_bytes": 69073580032,
  "footprint_source": "linux: lifetime_max_phys_footprint_bytes and phys_footprint_bytes are the sums of VmHWM and VmRSS (/proc/<pid>/status) over the server process tree; GPU memory is peak_gpu_memory_bytes_sampled (nvidia-smi per-process used memory, summed over the tree)"
 }
}
