kev-0.8b-ft-s17: ready after 103.4s
kev-0.8b-ft-s17: compat probe done
kev-0.8b-ft-s17: 0 requests
kev-0.8b-ft-s17: 100 requests
kev-0.8b-ft-s17: 200 requests
kev-0.8b-ft-s17: 300 requests
kev-0.8b-ft-s17: 400 requests
kev-0.8b-ft-s17: 500 requests
kev-0.8b-ft-s17: 600 requests
kev-0.8b-ft-s17: 700 requests
kev-0.8b-ft-s17: 800 requests
kev-0.8b-ft-s17: 900 requests
kev-0.8b-ft-s17: 1000 requests
kev-0.8b-ft-s17: 1100 requests
kev-0.8b-ft-s17: 1200 requests
kev-0.8b-ft-s17: 1300 requests
kev-0.8b-ft-s17: 1400 requests
kev-0.8b-ft-s17: 1500 requests
kev-0.8b-ft-s17: 1600 requests
kev-0.8b-ft-s17: 1700 requests
kev-0.8b-ft-s17: 1800 requests
kev-0.8b-ft-s17: 1900 requests
kev-0.8b-ft-s17: 2000 requests
kev-0.8b-ft-s17: 2100 requests
kev-0.8b-ft-s17: 2200 requests
kev-0.8b-ft-s17: 2300 requests
kev-0.8b-ft-s17: 2400 requests
kev-0.8b-ft-s17: 2500 requests
kev-0.8b-ft-s17: 2600 requests
kev-0.8b-ft-s17: 2700 requests
kev-0.8b-ft-s17: 2800 requests
kev-0.8b-ft-s17: 2900 requests
kev-0.8b-ft-s17: 3000 requests
kev-0.8b-ft-s17: 3100 requests
kev-0.8b-ft-s17: 3200 requests
kev-0.8b-ft-s17: 3300 requests
kev-0.8b-ft-s17: 3400 requests
kev-0.8b-ft-s17: 3500 requests
kev-0.8b-ft-s17: 3600 requests
kev-0.8b-ft-s17: 3700 requests
kev-0.8b-ft-s17: 3800 requests
kev-0.8b-ft-s17: 3900 requests
kev-0.8b-ft-s17: 4000 requests
kev-0.8b-ft-s17: 4100 requests
kev-0.8b-ft-s17: 4200 requests
kev-0.8b-ft-s17: 4300 requests
kev-0.8b-ft-s17: 4400 requests
kev-0.8b-ft-s17: 4500 requests
kev-0.8b-ft-s17: 4600 requests
kev-0.8b-ft-s17: 4700 requests
kev-0.8b-ft-s17: 4800 requests
kev-0.8b-ft-s17: 4900 requests
kev-0.8b-ft-s17: 5000 requests
kev-0.8b-ft-s17: 5100 requests
kev-0.8b-ft-s17: 5200 requests
kev-0.8b-ft-s17: 5300 requests
kev-0.8b-ft-s17: 5400 requests
kev-0.8b-ft-s17: 5500 requests
kev-0.8b-ft-s17: 5600 requests
kev-0.8b-ft-s17: 5700 requests
kev-0.8b-ft-s17: 5800 requests
kev-0.8b-ft-s17: 5900 requests
kev-0.8b-ft-s17: 6000 requests
kev-0.8b-ft-s17: 6100 requests
kev-0.8b-ft-s17: 6200 requests
kev-0.8b-ft-s17: 6300 requests
kev-0.8b-ft-s17: 6400 requests
kev-0.8b-ft-s17: 6500 requests
kev-0.8b-ft-s17: 6600 requests
kev-0.8b-ft-s17: 6700 requests
kev-0.8b-ft-s17: 6800 requests
{
 "load_time_s": 103.41,
 "sequential": {
  "requests": 6842,
  "wall_s": 171.13
 },
 "throughput": null,
 "memory": {
  "peak_rss_bytes_sampled": 15840145408,
  "peak_gpu_memory_bytes_sampled": 12540968960,
  "phys_footprint_bytes": 15840145408,
  "lifetime_max_phys_footprint_bytes": 15841492992,
  "footprint_source": "linux: lifetime_max_phys_footprint_bytes and phys_footprint_bytes are the sums of VmHWM and VmRSS (/proc/<pid>/status) over the server process tree; GPU memory is peak_gpu_memory_bytes_sampled (nvidia-smi per-process used memory, summed over the tree)"
 }
}
