kev-0.8b-ft-s19: ready after 103.9s
kev-0.8b-ft-s19: compat probe done
kev-0.8b-ft-s19: 0 requests
kev-0.8b-ft-s19: 100 requests
kev-0.8b-ft-s19: 200 requests
kev-0.8b-ft-s19: 300 requests
kev-0.8b-ft-s19: 400 requests
kev-0.8b-ft-s19: 500 requests
kev-0.8b-ft-s19: 600 requests
kev-0.8b-ft-s19: 700 requests
{
 "load_time_s": 103.89,
 "sequential": {
  "requests": 735,
  "wall_s": 11.65
 },
 "throughput": null,
 "memory": {
  "peak_rss_bytes_sampled": 15225532416,
  "peak_gpu_memory_bytes_sampled": 6127878144,
  "phys_footprint_bytes": 15472025600,
  "lifetime_max_phys_footprint_bytes": 15788343296,
  "footprint_source": "linux: lifetime_max_phys_footprint_bytes and phys_footprint_bytes are the sums of VmHWM and VmRSS (/proc/<pid>/status) over the server process tree; GPU memory is peak_gpu_memory_bytes_sampled (nvidia-smi per-process used memory, summed over the tree)"
 }
}
