clef-flash: ready after 29.2s
clef-flash: compat probe done
clef-flash: 0 requests
clef-flash: 100 requests
clef-flash: 200 requests
clef-flash: 300 requests
clef-flash: 400 requests
clef-flash: 500 requests
clef-flash: 600 requests
clef-flash: 700 requests
clef-flash: 800 requests
clef-flash: 900 requests
clef-flash: 1000 requests
clef-flash: 1100 requests
clef-flash: 1200 requests
clef-flash: 1300 requests
clef-flash: 1400 requests
clef-flash: 1500 requests
clef-flash: 1600 requests
clef-flash: 1700 requests
clef-flash: 1800 requests
clef-flash: 1900 requests
clef-flash: 2000 requests
clef-flash: 2100 requests
clef-flash: 2200 requests
clef-flash: 2300 requests
clef-flash: 2400 requests
clef-flash: 2500 requests
clef-flash: 2600 requests
clef-flash: 2700 requests
clef-flash: 2800 requests
clef-flash: 2900 requests
clef-flash: 3000 requests
clef-flash: 3100 requests
clef-flash: 3200 requests
clef-flash: 3300 requests
clef-flash: 3400 requests
clef-flash: 3500 requests
clef-flash: 3600 requests
clef-flash: 3700 requests
clef-flash: 3800 requests
clef-flash: 3900 requests
clef-flash: 4000 requests
clef-flash: 4100 requests
clef-flash: 4200 requests
clef-flash: 4300 requests
clef-flash: 4400 requests
clef-flash: 4500 requests
clef-flash: 4600 requests
clef-flash: 4700 requests
clef-flash: 4800 requests
clef-flash: 4900 requests
clef-flash: 5000 requests
clef-flash: 5100 requests
clef-flash: 5200 requests
clef-flash: 5300 requests
clef-flash: 5400 requests
clef-flash: 5500 requests
clef-flash: 5600 requests
clef-flash: 5700 requests
clef-flash: 5800 requests
clef-flash: 5900 requests
clef-flash: 6000 requests
clef-flash: 6100 requests
clef-flash: 6200 requests
clef-flash: 6300 requests
clef-flash: 6400 requests
clef-flash: 6500 requests
clef-flash: 6600 requests
clef-flash: 6700 requests
clef-flash: 6800 requests
clef-flash: 6900 requests
clef-flash: 7000 requests
clef-flash: 7100 requests
clef-flash: 7200 requests
clef-flash: 7300 requests
clef-flash: 7400 requests
clef-flash: 7500 requests
clef-flash: 7600 requests
{
 "load_time_s": 29.24,
 "sequential": {
  "requests": 7613,
  "wall_s": 1828.26
 },
 "throughput": null,
 "memory": {
  "peak_rss_bytes_sampled": 5840924672,
  "peak_gpu_memory_bytes_sampled": 19618856960,
  "phys_footprint_bytes": 6126727168,
  "lifetime_max_phys_footprint_bytes": 23661490176,
  "footprint_source": "linux: lifetime_max_phys_footprint_bytes and phys_footprint_bytes are the sums of VmHWM and VmRSS (/proc/<pid>/status) over the server process tree; GPU memory is peak_gpu_memory_bytes_sampled (nvidia-smi per-process used memory, summed over the tree)"
 }
}
