kev-9b: ready after 91.2s
kev-9b: compat probe done
kev-9b: 0 requests
kev-9b: 100 requests
kev-9b: 200 requests
kev-9b: 300 requests
kev-9b: 400 requests
kev-9b: 500 requests
kev-9b: 600 requests
kev-9b: 700 requests
{
 "load_time_s": 91.24,
 "sequential": {
  "requests": 735,
  "wall_s": 40.16
 },
 "throughput": null,
 "memory": {
  "peak_rss_bytes_sampled": 15355904000,
  "peak_gpu_memory_bytes_sampled": 30589059072,
  "phys_footprint_bytes": 15524007936,
  "lifetime_max_phys_footprint_bytes": 26571706368,
  "footprint_source": "linux: lifetime_max_phys_footprint_bytes and phys_footprint_bytes are the sums of VmHWM and VmRSS (/proc/<pid>/status) over the server process tree; GPU memory is peak_gpu_memory_bytes_sampled (nvidia-smi per-process used memory, summed over the tree)"
 }
}
