laya-typed-decisions-ft-s19: ready after 5.5s
laya-typed-decisions-ft-s19: compat probe done
laya-typed-decisions-ft-s19: 0 requests
laya-typed-decisions-ft-s19: 100 requests
laya-typed-decisions-ft-s19: 200 requests
laya-typed-decisions-ft-s19: 300 requests
laya-typed-decisions-ft-s19: 400 requests
laya-typed-decisions-ft-s19: 500 requests
laya-typed-decisions-ft-s19: 600 requests
laya-typed-decisions-ft-s19: 700 requests
{
 "load_time_s": 5.53,
 "sequential": {
  "requests": 735,
  "wall_s": 20.34
 },
 "throughput": null,
 "memory": {
  "peak_rss_bytes_sampled": 1730043904,
  "peak_gpu_memory_bytes_sampled": 2961178624,
  "phys_footprint_bytes": 1730043904,
  "lifetime_max_phys_footprint_bytes": 3375374336,
  "footprint_source": "linux: lifetime_max_phys_footprint_bytes and phys_footprint_bytes are the sums of VmHWM and VmRSS (/proc/<pid>/status) over the server process tree; GPU memory is peak_gpu_memory_bytes_sampled (nvidia-smi per-process used memory, summed over the tree)"
 }
}
