laya-multilingual: ready after 9.1s
laya-multilingual: compat probe done
laya-multilingual: 0 requests
laya-multilingual: 100 requests
laya-multilingual: 200 requests
laya-multilingual: 300 requests
laya-multilingual: 400 requests
laya-multilingual: 500 requests
laya-multilingual: 600 requests
laya-multilingual: 700 requests
{
 "load_time_s": 9.06,
 "sequential": {
  "requests": 735,
  "wall_s": 16.8
 },
 "throughput": null,
 "memory": {
  "peak_rss_bytes_sampled": 2224820224,
  "peak_gpu_memory_bytes_sampled": 1914699776,
  "phys_footprint_bytes": 2201841664,
  "lifetime_max_phys_footprint_bytes": 2879139840,
  "footprint_source": "linux: lifetime_max_phys_footprint_bytes and phys_footprint_bytes are the sums of VmHWM and VmRSS (/proc/<pid>/status) over the server process tree; GPU memory is peak_gpu_memory_bytes_sampled (nvidia-smi per-process used memory, summed over the tree)"
 }
}
