kev-9b-ft-s17: ready after 92.0s
kev-9b-ft-s17: compat probe done
kev-9b-ft-s17: 0 requests
kev-9b-ft-s17: 100 requests
kev-9b-ft-s17: 200 requests
kev-9b-ft-s17: 300 requests
kev-9b-ft-s17: 400 requests
kev-9b-ft-s17: 500 requests
kev-9b-ft-s17: 600 requests
kev-9b-ft-s17: 700 requests
{
 "load_time_s": 92.05,
 "sequential": {
  "requests": 735,
  "wall_s": 39.92
 },
 "throughput": null,
 "memory": {
  "peak_rss_bytes_sampled": 15546052608,
  "peak_gpu_memory_bytes_sampled": 43130028032,
  "phys_footprint_bytes": 15546052608,
  "lifetime_max_phys_footprint_bytes": 26568077312,
  "footprint_source": "linux: lifetime_max_phys_footprint_bytes and phys_footprint_bytes are the sums of VmHWM and VmRSS (/proc/<pid>/status) over the server process tree; GPU memory is peak_gpu_memory_bytes_sampled (nvidia-smi per-process used memory, summed over the tree)"
 }
}
